// Jest Snapshot v1, https://goo.gl/fbAQLP

exports[`BitMath #leastSignificantBit gas cost of max uint128 1`] = `385`;

exports[`BitMath #leastSignificantBit gas cost of max uint256 1`] = `385`;

exports[`BitMath #leastSignificantBit gas cost of smaller number 1`] = `394`;

exports[`BitMath #mostSignificantBit gas cost of max uint128 1`] = `506`;

exports[`BitMath #mostSignificantBit gas cost of max uint256 1`] = `506`;

exports[`BitMath #mostSignificantBit gas cost of smaller number 1`] = `362`;
