 ·--------------------------------|--------------------------------|--------------------------------·
 |  Solc version: 0.4.18          ·  Optimizer enabled: true       ·  Runs: 930                     │
 ·································|································|·································
 |  Contract Name                 ·  Deployed size (KiB) (change)  ·  Initcode size (KiB) (change)  │
 ·································|································|·································
 |  RamsesV3PoolSwapTest          ·                 1.250 (0.000)  ·                 1.275 (0.000)  │
 ·································|································|·································
 |  RamsesV3PoolDeployer          ·                21.959 (0.000)  ·                22.096 (0.000)  │
 ·································|································|·································
 |  RamsesV3Pool                  ·                22.718 (0.000)  ·                23.353 (0.000)  │
 ·································|································|·································
 |  MockTimeRamsesV3Pool          ·                23.071 (0.000)  ·                23.713 (0.000)  │
 ·································|································|·································
 |  MockTimeRamsesV3PoolDeployer  ·                24.472 (0.000)  ·                24.602 (0.000)  │
 ·--------------------------------|--------------------------------|--------------------------------·
