// Jest Snapshot v1, https://goo.gl/fbAQLP

exports[`RamsesV3Pool gas tests fee is off #burn above current price burn entire position after some time passes 1`] = `120044`;

exports[`RamsesV3Pool gas tests fee is off #burn above current price burn when only position using ticks 1`] = `120044`;

exports[`RamsesV3Pool gas tests fee is off #burn above current price entire position burn but other positions are using the ticks 1`] = `120422`;

exports[`RamsesV3Pool gas tests fee is off #burn above current price partial position burn 1`] = `130022`;

exports[`RamsesV3Pool gas tests fee is off #burn around current price burn entire position after some time passes 1`] = `156627`;

exports[`RamsesV3Pool gas tests fee is off #burn around current price burn when only position using ticks 1`] = `134910`;

exports[`RamsesV3Pool gas tests fee is off #burn around current price entire position burn but other positions are using the ticks 1`] = `128605`;

exports[`RamsesV3Pool gas tests fee is off #burn around current price partial position burn 1`] = `138205`;

exports[`RamsesV3Pool gas tests fee is off #burn below current price burn entire position after some time passes 1`] = `131449`;

exports[`RamsesV3Pool gas tests fee is off #burn below current price burn when only position using ticks 1`] = `131449`;

exports[`RamsesV3Pool gas tests fee is off #burn below current price entire position burn but other positions are using the ticks 1`] = `123479`;

exports[`RamsesV3Pool gas tests fee is off #burn below current price partial position burn 1`] = `133079`;

exports[`RamsesV3Pool gas tests fee is off #collect close to worst case 1`] = `45892`;

exports[`RamsesV3Pool gas tests fee is off #increaseObservationCardinalityNext grow by 1 slot 1`] = `50681`;

exports[`RamsesV3Pool gas tests fee is off #increaseObservationCardinalityNext no op 1`] = `24310`;

exports[`RamsesV3Pool gas tests fee is off #mint above current price add to position after some time passes 1`] = `138917`;

exports[`RamsesV3Pool gas tests fee is off #mint above current price add to position existing 1`] = `138917`;

exports[`RamsesV3Pool gas tests fee is off #mint above current price new position mint first in range 1`] = `335294`;

exports[`RamsesV3Pool gas tests fee is off #mint above current price second position in same range 1`] = `233791`;

exports[`RamsesV3Pool gas tests fee is off #mint around current price add to position after some time passes 1`] = `201147`;

exports[`RamsesV3Pool gas tests fee is off #mint around current price add to position existing 1`] = `171149`;

exports[`RamsesV3Pool gas tests fee is off #mint around current price new position mint first in range 1`] = `440013`;

exports[`RamsesV3Pool gas tests fee is off #mint around current price second position in same range 1`] = `266023`;

exports[`RamsesV3Pool gas tests fee is off #mint below current price add to position after some time passes 1`] = `142455`;

exports[`RamsesV3Pool gas tests fee is off #mint below current price add to position existing 1`] = `142455`;

exports[`RamsesV3Pool gas tests fee is off #mint below current price new position mint first in range 1`] = `419903`;

exports[`RamsesV3Pool gas tests fee is off #mint below current price second position in same range 1`] = `237329`;

exports[`RamsesV3Pool gas tests fee is off #poke best case 1`] = `82257`;

exports[`RamsesV3Pool gas tests fee is off #snapshotCumulativesInside tick above 1`] = `35771`;

exports[`RamsesV3Pool gas tests fee is off #snapshotCumulativesInside tick below 1`] = `35725`;

exports[`RamsesV3Pool gas tests fee is off #snapshotCumulativesInside tick inside 1`] = `41413`;

exports[`RamsesV3Pool gas tests fee is off #swapExact0For1 first swap in block moves tick, no initialized crossings 1`] = `120932`;

exports[`RamsesV3Pool gas tests fee is off #swapExact0For1 first swap in block with no tick movement 1`] = `105772`;

exports[`RamsesV3Pool gas tests fee is off #swapExact0For1 first swap in block, large swap crossing a single initialized tick 1`] = `168199`;

exports[`RamsesV3Pool gas tests fee is off #swapExact0For1 first swap in block, large swap crossing several initialized ticks 1`] = `287173`;

exports[`RamsesV3Pool gas tests fee is off #swapExact0For1 first swap in block, large swap, no initialized crossings 1`] = `134434`;

exports[`RamsesV3Pool gas tests fee is off #swapExact0For1 large swap crossing several initialized ticks after some time passes 1`] = `287173`;

exports[`RamsesV3Pool gas tests fee is off #swapExact0For1 large swap crossing several initialized ticks second time after some time passes 1`] = `238033`;

exports[`RamsesV3Pool gas tests fee is off #swapExact0For1 second swap in block moves tick, no initialized crossings 1`] = `120932`;

exports[`RamsesV3Pool gas tests fee is off #swapExact0For1 second swap in block with no tick movement 1`] = `105964`;

exports[`RamsesV3Pool gas tests fee is off #swapExact0For1 second swap in block, large swap crossing a single initialized tick 1`] = `154372`;

exports[`RamsesV3Pool gas tests fee is off #swapExact0For1 second swap in block, large swap crossing several initialized ticks 1`] = `274197`;

exports[`RamsesV3Pool gas tests fee is on #burn above current price burn entire position after some time passes 1`] = `120044`;

exports[`RamsesV3Pool gas tests fee is on #burn above current price burn when only position using ticks 1`] = `120044`;

exports[`RamsesV3Pool gas tests fee is on #burn above current price entire position burn but other positions are using the ticks 1`] = `120422`;

exports[`RamsesV3Pool gas tests fee is on #burn above current price partial position burn 1`] = `130022`;

exports[`RamsesV3Pool gas tests fee is on #burn around current price burn entire position after some time passes 1`] = `156627`;

exports[`RamsesV3Pool gas tests fee is on #burn around current price burn when only position using ticks 1`] = `134910`;

exports[`RamsesV3Pool gas tests fee is on #burn around current price entire position burn but other positions are using the ticks 1`] = `128605`;

exports[`RamsesV3Pool gas tests fee is on #burn around current price partial position burn 1`] = `138205`;

exports[`RamsesV3Pool gas tests fee is on #burn below current price burn entire position after some time passes 1`] = `131449`;

exports[`RamsesV3Pool gas tests fee is on #burn below current price burn when only position using ticks 1`] = `131449`;

exports[`RamsesV3Pool gas tests fee is on #burn below current price entire position burn but other positions are using the ticks 1`] = `123479`;

exports[`RamsesV3Pool gas tests fee is on #burn below current price partial position burn 1`] = `133079`;

exports[`RamsesV3Pool gas tests fee is on #collect close to worst case 1`] = `45892`;

exports[`RamsesV3Pool gas tests fee is on #increaseObservationCardinalityNext grow by 1 slot 1`] = `50681`;

exports[`RamsesV3Pool gas tests fee is on #increaseObservationCardinalityNext no op 1`] = `24310`;

exports[`RamsesV3Pool gas tests fee is on #mint above current price add to position after some time passes 1`] = `138917`;

exports[`RamsesV3Pool gas tests fee is on #mint above current price add to position existing 1`] = `138917`;

exports[`RamsesV3Pool gas tests fee is on #mint above current price new position mint first in range 1`] = `335294`;

exports[`RamsesV3Pool gas tests fee is on #mint above current price second position in same range 1`] = `233791`;

exports[`RamsesV3Pool gas tests fee is on #mint around current price add to position after some time passes 1`] = `201147`;

exports[`RamsesV3Pool gas tests fee is on #mint around current price add to position existing 1`] = `171149`;

exports[`RamsesV3Pool gas tests fee is on #mint around current price new position mint first in range 1`] = `440013`;

exports[`RamsesV3Pool gas tests fee is on #mint around current price second position in same range 1`] = `266023`;

exports[`RamsesV3Pool gas tests fee is on #mint below current price add to position after some time passes 1`] = `142455`;

exports[`RamsesV3Pool gas tests fee is on #mint below current price add to position existing 1`] = `142455`;

exports[`RamsesV3Pool gas tests fee is on #mint below current price new position mint first in range 1`] = `419903`;

exports[`RamsesV3Pool gas tests fee is on #mint below current price second position in same range 1`] = `237329`;

exports[`RamsesV3Pool gas tests fee is on #poke best case 1`] = `82257`;

exports[`RamsesV3Pool gas tests fee is on #snapshotCumulativesInside tick above 1`] = `35771`;

exports[`RamsesV3Pool gas tests fee is on #snapshotCumulativesInside tick below 1`] = `35725`;

exports[`RamsesV3Pool gas tests fee is on #snapshotCumulativesInside tick inside 1`] = `41413`;

exports[`RamsesV3Pool gas tests fee is on #swapExact0For1 first swap in block moves tick, no initialized crossings 1`] = `126494`;

exports[`RamsesV3Pool gas tests fee is on #swapExact0For1 first swap in block with no tick movement 1`] = `105901`;

exports[`RamsesV3Pool gas tests fee is on #swapExact0For1 first swap in block, large swap crossing a single initialized tick 1`] = `173890`;

exports[`RamsesV3Pool gas tests fee is on #swapExact0For1 first swap in block, large swap crossing several initialized ticks 1`] = `293251`;

exports[`RamsesV3Pool gas tests fee is on #swapExact0For1 first swap in block, large swap, no initialized crossings 1`] = `140254`;

exports[`RamsesV3Pool gas tests fee is on #swapExact0For1 large swap crossing several initialized ticks after some time passes 1`] = `293251`;

exports[`RamsesV3Pool gas tests fee is on #swapExact0For1 large swap crossing several initialized ticks second time after some time passes 1`] = `244111`;

exports[`RamsesV3Pool gas tests fee is on #swapExact0For1 second swap in block moves tick, no initialized crossings 1`] = `126494`;

exports[`RamsesV3Pool gas tests fee is on #swapExact0For1 second swap in block with no tick movement 1`] = `106093`;

exports[`RamsesV3Pool gas tests fee is on #swapExact0For1 second swap in block, large swap crossing a single initialized tick 1`] = `159934`;

exports[`RamsesV3Pool gas tests fee is on #swapExact0For1 second swap in block, large swap crossing several initialized ticks 1`] = `280146`;
