// Jest Snapshot v1, https://goo.gl/fbAQLP

exports[`UniswapV3Factory #createPool gas 1`] = `4850692`;

exports[`UniswapV3Factory factory bytecode size 1`] = `3856`;

exports[`UniswapV3Factory pool bytecode size 1`] = `22935`;
